// Jest Snapshot v1, https://goo.gl/fbAQLP

exports[`<HeaderBg /> should match snapshot 1`] = `
.c0 {
  min-height: 100px;
  background-image: url(IMAGE_MOCK);
  background-color: #def0fb;
  background-position: 100% 0;
}

<div
  className="c0"
/>
`;
