// Jest Snapshot v1, https://goo.gl/fbAQLP

exports[`should render correctly 1`] = `
<Route
  exact={true}
  path="/"
  render={[Function]}
/>
`;
