// Jest Snapshot v1, https://goo.gl/fbAQLP

exports[`<Logo /> should match snapshot 1`] = `
<img
  alt=""
  className="logo-header"
  src="IMAGE_MOCK"
/>
`;
